<html>
<body>
<pre>
<h1>礦ision Build Log</h1>
<h2>Project:</h2>
H:\Electronics_design_contest\资料\2，标准例程-库函数版本\实验0 Template工程模板\USER\Template.uvprojx
Project File Date:  03/31/2019

<h2>Output:</h2>
Build target 'Template'
linking...
Program Size: Code=4860 RO-data=424 RW-data=44 ZI-data=1836  
FromELF: creating hex file...
"..\OBJ\Template.axf" - 0 Error(s), 0 Warning(s).
Load "..\\OBJ\\Template.axf" 
Set JLink Project File to "H:\Electronics_design_contest\资料\2，标准例程-库函数版本\实验0 Template工程模板\USER\JLinkSettings.ini"
* JLink Info: Device "STM32F407ZG" selected (1024 KB flash, 128 KB RAM).
 
JLink info:
------------
DLL: V4.80g, compiled Feb 13 2014 20:50:02
Firmware: J-Link ARM-OB STM32 compiled Aug 22 2012 19:52:04
Hardware: V7.00
S/N : 20090928 
Feature(s) : RDI,FlashDL,FlashBP,JFlash,GDBFull 
 
* JLink Info: Found SWD-DP with ID 0x2BA01477
* JLink Info: Found SWD-DP with ID 0x2BA01477
* JLink Info: Found Cortex-M4 r0p1, Little endian.
* JLink Info: FPUnit: 6 code (BP) slots and 2 literal slots
* JLink Info: TPIU fitted.
* JLink Info: ETM fitted.
ROMTableAddr = 0xE00FF003
 
Target info:
------------
Device: STM32F407ZG
VTarget = 3.300V
State of Pins: 
TCK: 0, TDI: 0, TDO: 1, TMS: 0, TRES: 1, TRST: 1
Hardware-Breakpoints: 6
Software-Breakpoints: 8192
Watchpoints:          4
JTAG speed: 2000 kHz
 
Full Chip Erase Done.
Programming Done.
Verify OK.
Application running ...
</pre>
</body>
</html>
ound SWD-DP with ID 0x2BA01477
* JLink Info: Found Cortex-M4 r0p1, Little endian.
**JLink Warning: S_RESET_ST not cleared
**JLink Warning: CPU did not halt after reset.
**JLink Warning: CPU could not be halted
* JLink Info: Core did not halt after reset, trying to disable WDT.
**JLink Warning: CPU did not halt after reset.
**JLink Warning: CPU could not be halted
**JLink Warning: S_RESET_ST not cleared
**JLink Warning: CPU could not be halted
Error: Flash Download failed  -  Target DLL has been cancelled
Load "..\\OBJ\\Template.axf" 
Set JLink Project File to "H:\Electronics_design_contest\资料\2，标准例程-库函数版本\实验0 Template工程模板\USER\JLinkSettings.ini"
* JLink Info: Device "STM32F407ZE" selected (512 KB flash, 128 KB RAM).
 
JLink info:
------------
DLL: V4.80g, compiled Feb 13 2014 20:50:02
Firmware: J-Link ARM-OB STM32 compiled Aug 22 2012 19:52:04
Hardware: V7.00
S/N : 20090928 
Feature(s) : RDI,FlashDL,FlashBP,JFlash,GDBFull 
 
* JLink Info: Found SWD-DP with ID 0x2BA01477
* JLink Info: Found SWD-DP with ID 0x2BA01477
* JLink Info: Found Cortex-M4 r0p1, Little endian.
* JLink Info: FPUnit: 6 code (BP) slots and 2 literal slots
* JLink Info: TPIU fitted.
* JLink Info: ETM fitted.
ROMTableAddr = 0xE00FF003
 
Target info:
------------
Device: STM32F407ZE
VTarget = 3.300V
State of Pins: 
TCK: 0, TDI: 0, TDO: 1, TMS: 0, TRES: 1, TRST: 1
Hardware-Breakpoints: 6
Software-Breakpoints: 8192
Watchpoints:          4
JTAG speed: 1000 kHz
 
Programming Done.
Contents mismatch at: 08000004H  (Flash=01H  Required=61H) !
Contents mismatch at: 08000008H  (Flash=25H  Required=35H) !
Contents mismatch at: 0800000CH  (Flash=27H  Required=37H) !
Contents mismatch at: 08000010H  (Flash=2BH  Required=3BH) !
Contents mismatch at: 08000014H  (Flash=2FH  Required=3FH) !
Contents mismatch at: 08000040H  (Flash=2BH  Required=7BH) !
Contents mismatch at: 08000044H  (Flash=2BH  Required=7BH) !
Contents mismatch at: 08000048H  (Flash=2BH  Required=7BH) !
Contents mismatch at: 0800004CH  (Flash=2BH  Required=7BH) !
Contents mismatch at: 08000050H  (Flash=2BH  Required=7BH) !
Contents mismatch at: 08000054H  (Flash=2BH  Required=7BH) !
Contents mismatch at: 08000058H  (Flash=2BH  Required=7BH) !
Contents mismatch at: 0800005CH  (Flash=2BH  Required=7BH) !
Contents mismatch at: 08000060H  (Flash=2BH  Required=7BH) !
Contents mismatch at: 08000064H  (Flash=2BH  Required=7BH) !
Contents mismatch at: 08000068H  (Flash=2BH  Required=7BH) !
Contents mismatch at: 0800006CH  (Flash=2BH  Required=7BH) !
Contents mismatch at: 08000070H  (Flash=2BH  Required=7BH) !
Contents mismatch at: 08000074H  (Flash=2BH  Required=7BH) !
Contents mismatch at: 08000078H  (Flash=2BH  Required=7BH) !
Contents mismatch at: 0800007CH  (Flash=2BH  Required=7BH) !
Contents mismatch at: 08000080H  (Flash=2BH  Required=7BH) !
Contents mismatch at: 08000084H  (Flash=2BH  Required=7BH) !
Contents mismatch at: 08000088H  (Flash=2BH  Required=7BH) !
Contents mismatch at: 0800008CH  (Flash=2BH  Required=7BH) !
Contents mismatch at: 08000090H  (Flash=2BH  Required=7BH) !
Contents mismatch at: 08000094H  (Flash=2BH  Required=7BH) !
Contents mismatch at: 08000098H  (Flash=2BH  Required=7BH) !
Contents mismatch at: 0800009CH  (Flash=2BH  Required=7BH) !
Contents mismatch at: 080000A0H  (Flash=2BH  Required=7BH) !
Contents mismatch at: 080000A4H  (Flash=2BH  Required=7BH) !
Contents mismatch at: 080000A8H  (Flash=2BH  Required=7BH) !
Contents mismatch at: 080000ACH  (Flash=2BH  Required=7BH) !
Contents mismatch at: 080000B0H  (Flash=2BH  Required=7BH) !
Contents mismatch at: 080000B4H  (Flash=2BH  Required=7BH) !
Contents mismatch at: 080000B8H  (Flash=2BH  Required=7BH) !
Contents mismatch at: 080000BCH  (Flash=2BH  Required=7BH) !
Contents mismatch at: 080000C0H  (Flash=2BH  Required=7BH) !
Contents mismatch at: 080000C4H  (Flash=2BH  Required=7BH) !
Contents mismatch at: 080000C8H  (Flash=2BH  Required=7BH) !
Contents mismatch at: 080000CCH  (Flash=2BH  Required=7BH) !
Contents mismatch at: 080000D0H  (Flash=2BH  Required=7BH) !
Contents mismatch at: 080000D8H  (Flash=2BH  Required=7BH) !
Contents mismatch at: 080000DCH  (Flash=2BH  Required=7BH) !
Contents mismatch at: 080000E0H  (Flash=2BH  Required=7BH) !
Contents mismatch at: 080000E4H  (Flash=2BH  Required=7BH) !
Contents mismatch at: 080000E8H  (Flash=2BH  Required=7BH) !
Contents mismatch at: 080000ECH  (Flash=2BH  Required=7BH) !
Contents mismatch at: 080000F0H  (Flash=2BH  Required=7BH) !
Contents mismatch at: 080000F4H  (Flash=2BH  Required=7BH) !
Contents mismatch at: 080000F8H  (Flash=2BH  Required=7BH) !
Contents mismatch at: 080000FCH  (Flash=2BH  Required=7BH) !
Contents mismatch at: 08000100H  (Flash=2BH  Required=7BH) !
Contents mismatch at: 08000104H  (Flash=2BH  Required=7BH) !
Contents mismatch at: 08000108H  (Flash=2BH  Required=7BH) !
Contents mismatch at: 0800010CH  (Flash=2BH  Required=7BH) !
Contents mismatch at: 08000110H  (Flash=2BH  Required=7BH) !
Contents mismatch at: 08000114H  (Flash=2BH  Required=7BH) !
Contents mismatch at: 08000118H  (Flash=2BH  Required=7BH) !
Contents mismatch at: 0800011CH  (Flash=2BH  Required=7BH) !
Contents mismatch at: 08000120H  (Flash=2BH  Required=7BH) !
Contents mismatch at: 08000124H  (Flash=2BH  Required=7BH) !
Contents mismatch at: 08000128H  (Flash=2BH  Required=7BH) !
Contents mismatch at: 0800012CH  (Flash=2BH  Required=7BH) !
Contents mismatch at: 08000130H  (Flash=2BH  Required=7BH) !
Contents mismatch at: 08000134H  (Flash=2BH  Required=7BH) !
Contents mismatch at: 08000138H  (Flash=2BH  Required=7BH) !
Contents mismatch at: 0800013CH  (Flash=2BH  Required=7BH) !
Contents mismatch at: 08000140H  (Flash=2BH  Required=7BH) !
Contents mismatch at: 08000144H  (Flash=2BH  Required=7BH) !
Contents mismatch at: 08000148H  (Flash=2BH  Required=7BH) !
Contents mismatch at: 0800014CH  (Flash=2BH  Required=7BH) !
Contents mismatch at: 08000150H  (Flash=2BH  Required=7BH) !
Contents mismatch at: 08000154H  (Flash=2BH  Required=7BH) !
Contents mismatch at: 08000158H  (Flash=2BH  Required=7BH) !
Contents mismatch at: 0800015CH  (Flash=2BH  Required=7BH) !
Contents mismatch at: 08000160H  (Flash=2BH  Required=7BH) !
Contents mismatch at: 08000164H  (Flash=2BH  Required=7BH) !
Contents mismatch at: 08000168H  (Flash=2BH  Required=7BH) !
Contents mismatch at: 0800016CH  (Flash=2BH  Required=7BH) !
Contents mismatch at: 08000170H  (Flash=2BH  Required=7BH) !
Contents mismatch at: 08000174H  (Flash=2BH  Required=7BH) !
Contents mismatch at: 08000178H  (Flash=2BH  Required=7BH) !
Contents mismatch at: 0800017CH  (Flash=2BH  Required=7BH) !
Contents mismatch at: 08000180H  (Flash=2BH  Required=7BH) !
Contents mismatch at: 08000184H  (Flash=2BH  Required=7BH) !
Contents mismatch at: 080001C0H  (Flash=08H  Required=E8H) !
Contents mismatch at: 080001C1H  (Flash=10H  Required=12H) !
Contents mismatch at: 08000200H  (Flash=13H  Required=3BH) !
Contents mismatch at: 08000214H  (Flash=00H  Required=08H) !
Contents mismatch at: 08000224H  (Flash=47H  Required=4FH) !
Contents mismatch at: 08000226H  (Flash=00H  Required=1FH) !
Contents mismatch at: 08000227H  (Flash=00H  Required=B5H) !
Contents mismatch at: 08000228H  (Flash=00H  Required=68H) !
Contents mismatch at: 08000229H  (Flash=00H  Required=46H) !
Contents mismatch at: 0800022BH  (Flash=E0H  Required=F0H) !
Contents mismatch at: 0800022CH  (Flash=00H  Required=FCH) !
Contents mismatch at: 0800022DH  (Flash=22H  Required=FBH) !
Contents mismatch at: 08000230H  (Flash=00H  Required=04H) !
Contents mismatch at: 08000231H  (Flash=10H  Required=B0H) !
Too many errors to display !
Error: Flash Download failed  -  "Cortex-M4"
Load "..\\OBJ\\Template.axf" 
Set JLink Project File to "H:\Electronics_design_contest\资料\2，标准例程-库函数版本\实验0 Template工程模板\USER\JLinkSettings.ini"
* JLink Info: Device "STM32F407ZE" selected (512 KB flash, 128 KB RAM).
 
JLink info:
------------
DLL: V4.80g, compiled Feb 13 2014 20:50:02
Firmware: J-Link ARM-OB STM32 compiled Aug 22 2012 19:52:04
Hardware: V7.00
S/N : 20090928 
Feature(s) : RDI,FlashDL,FlashBP,JFlash,GDBFull 
 
* JLink Info: Found SWD-DP with ID 0x2BA01477
* JLink Info: Found SWD-DP with ID 0x2BA01477
* JLink Info: Found Cortex-M4 r0p1, Little endian.
* JLink Info: FPUnit: 6 code (BP) slots and 2 literal slots
* JLink Info: TPIU fitted.
* JLink Info: ETM fitted.
ROMTableAddr = 0xE00FF003
 
Target info:
------------
Device: STM32F407ZE
VTarget = 3.300V
State of Pins: 
TCK: 0, TDI: 0, TDO: 1, TMS: 0, TRES: 1, TRST: 1
Hardware-Breakpoints: 6
Software-Breakpoints: 8192
Watchpoints:          4
JTAG speed: 2000 kHz
 
Programming Done.
Contents mismatch at: 08000000H  (Flash=50H  Required=58H) !
Contents mismatch at: 08000008H  (Flash=31H  Required=35H) !
Contents mismatch at: 08000009H  (Flash=00H  Required=02H) !
Contents mismatch at: 0800000CH  (Flash=33H  Required=37H) !
Contents mismatch at: 0800000DH  (Flash=00H  Required=02H) !
Contents mismatch at: 08000011H  (Flash=00H  Required=02H) !
Contents mismatch at: 08000014H  (Flash=03H  Required=3FH) !
Contents mismatch at: 08000015H  (Flash=00H  Required=02H) !
Contents mismatch at: 08000019H  (Flash=00H  Required=02H) !
Contents mismatch at: 0800002CH  (Flash=43H  Required=47H) !
Contents mismatch at: 0800002DH  (Flash=00H  Required=02H) !
Contents mismatch at: 08000031H  (Flash=00H  Required=02H) !
Contents mismatch at: 08000039H  (Flash=00H  Required=02H) !
Contents mismatch at: 0800003CH  (Flash=41H  Required=4DH) !
Contents mismatch at: 0800003DH  (Flash=00H  Required=02H) !
Contents mismatch at: 080000D4H  (Flash=81H  Required=85H) !
Contents mismatch at: 080000D5H  (Flash=00H  Required=13H) !
Contents mismatch at: 0800018EH  (Flash=00H  Required=3CH) !
Contents mismatch at: 080001A4H  (Flash=30H  Required=31H) !
Contents mismatch at: 080001BCH  (Flash=88H  Required=C8H) !
Contents mismatch at: 080001C0H  (Flash=A8H  Required=E8H) !
Contents mismatch at: 080001FCH  (Flash=18H  Required=1FH) !
Contents mismatch at: 080001FDH  (Flash=21H  Required=B5H) !
Contents mismatch at: 08000200H  (Flash=03H  Required=3BH) !
Contents mismatch at: 08000201H  (Flash=80H  Required=F9H) !
Contents mismatch at: 08000202H  (Flash=00H  Required=1FH) !
Contents mismatch at: 08000203H  (Flash=20H  Required=BDH) !
Contents mismatch at: 08000205H  (Flash=05H  Required=B5H) !
Contents mismatch at: 08000207H  (Flash=B5H  Required=BDH) !
Contents mismatch at: 0800020AH  (Flash=02H  Required=07H) !
Contents mismatch at: 0800020DH  (Flash=04H  Required=46H) !
Contents mismatch at: 0800020EH  (Flash=10H  Required=FFH) !
Contents mismatch at: 0800020FH  (Flash=B5H  Required=F7H) !
Contents mismatch at: 08000210H  (Flash=10H  Required=F5H) !
Contents mismatch at: 08000211H  (Flash=BDH  Required=FFH) !
Contents mismatch at: 08000214H  (Flash=00H  Required=08H) !
Contents mismatch at: 08000217H  (Flash=40H  Required=F0H) !
Contents mismatch at: 08000219H  (Flash=F1H  Required=F9H) !
Contents mismatch at: 0800021AH  (Flash=01H  Required=03H) !
Contents mismatch at: 0800021CH  (Flash=00H  Required=FFH) !
Contents mismatch at: 0800021DH  (Flash=F0H  Required=F7H) !
Contents mismatch at: 0800021EH  (Flash=00H  Required=F2H) !
Contents mismatch at: 0800021FH  (Flash=F8H  Required=FFH) !
Contents mismatch at: 08000221H  (Flash=B0H  Required=BCH) !
Contents mismatch at: 08000224H  (Flash=03H  Required=4FH) !
Contents mismatch at: 08000225H  (Flash=B0H  Required=F8H) !
Contents mismatch at: 08000228H  (Flash=60H  Required=68H) !
Contents mismatch at: 0800022BH  (Flash=B0H  Required=F0H) !
Contents mismatch at: 0800022CH  (Flash=00H  Required=FCH) !
Contents mismatch at: 0800022DH  (Flash=F0H  Required=FBH) !
Contents mismatch at: 08000232H  (Flash=00H  Required=10H) !
Contents mismatch at: 08000234H  (Flash=40H  Required=70H) !
Contents mismatch at: 08000235H  (Flash=44H  Required=47H) !
Contents mismatch at: 08000237H  (Flash=20H  Required=BFH) !
Contents mismatch at: 08000238H  (Flash=00H  Required=FEH) !
Contents mismatch at: 08000239H  (Flash=E0H  Required=E7H) !
Contents mismatch at: 0800023BH  (Flash=BAH  Required=BFH) !
Contents mismatch at: 0800023CH  (Flash=A8H  Required=FEH) !
Contents mismatch at: 0800023DH  (Flash=20H  Required=E7H) !
Contents mismatch at: 0800023FH  (Flash=B0H  Required=BFH) !
Contents mismatch at: 08000240H  (Flash=78H  Required=FEH) !
Contents mismatch at: 08000241H  (Flash=E2H  Required=E7H) !
Contents mismatch at: 08000243H  (Flash=B4H  Required=BFH) !
Contents mismatch at: 08000244H  (Flash=E0H  Required=FEH) !
Contents mismatch at: 08000245H  (Flash=20H  Required=E7H) !
Contents mismatch at: 08000246H  (Flash=00H  Required=70H) !
Contents mismatch at: 08000247H  (Flash=40H  Required=47H) !
Contents mismatch at: 08000248H  (Flash=00H  Required=70H) !
Contents mismatch at: 08000249H  (Flash=43H  Required=47H) !
Contents mismatch at: 0800024AH  (Flash=00H  Required=70H) !
Contents mismatch at: 0800024BH  (Flash=40H  Required=47H) !
Contents mismatch at: 0800024CH  (Flash=50H  Required=70H) !
Contents mismatch at: 0800024DH  (Flash=42H  Required=47H) !
Contents mismatch at: 08000250H  (Flash=08H  Required=0CH) !
Contents mismatch at: 08000251H  (Flash=00H  Required=B5H) !
Contents mismatch at: 08000253H  (Flash=00H  Required=20H) !
Contents mismatch at: 08000254H  (Flash=00H  Required=01H) !
Contents mismatch at: 08000255H  (Flash=80H  Required=90H) !
Contents mismatch at: 08000257H  (Flash=00H  Required=90H) !
Contents mismatch at: 08000258H  (Flash=02H  Required=76H) !
Contents mismatch at: 08000259H  (Flash=08H  Required=48H) !
Contents mismatch at: 0800025BH  (Flash=20H  Required=68H) !
Contents mismatch at: 0800025CH  (Flash=00H  Required=40H) !
Contents mismatch at: 0800025DH  (Flash=A0H  Required=F4H) !
Contents mismatch at: 0800025EH  (Flash=00H  Required=80H) !
Contents mismatch at: 08000260H  (Flash=50H  Required=74H) !
Contents mismatch at: 08000261H  (Flash=48H  Required=49H) !
Contents mismatch at: 08000265H  (Flash=31H  Required=BFH) !
Contents mismatch at: 08000266H  (Flash=10H  Required=73H) !
Contents mismatch at: 08000267H  (Flash=00H  Required=48H) !
Contents mismatch at: 08000269H  (Flash=60H  Required=68H) !
Contents mismatch at: 0800026BH  (Flash=F0H  Required=F4H) !
Contents mismatch at: 0800026DH  (Flash=20H  Required=30H) !
Contents mismatch at: 0800026FH  (Flash=00H  Required=90H) !
Contents mismatch at: 08000271H  (Flash=00H  Required=98H) !
Contents mismatch at: 08000273H  (Flash=00H  Required=1CH) !
Contents mismatch at: 08000275H  (Flash=80H  Required=90H) !
Contents mismatch at: 08000277H  (Flash=10H  Required=98H) !
Contents mismatch at: 08000278H  (Flash=08H  Required=18H) !
Contents mismatch at: 08000279H  (Flash=21H  Required=B9H) !
Too many errors to display !
Error: Flash Download failed  -  "Cortex-M4"
